// Jest Snapshot v1, https://goo.gl/fbAQLP

exports[`ValueToReceive should render correctly 1`] = `
<div>
  <aside
    class="aside"
  >
    <p
      class="title"
    >
      Você receberá
    </p>
    <hr
      class="line"
    />
    <p
      class="valueDay"
    >
      Amanhã: 
      <b>
        R$ 0,00
      </b>
    </p>
    <p
      class="valueDay"
    >
      Em 15 dias: 
      <b>
        R$ 12,34
      </b>
    </p>
    <p
      class="valueDay"
    >
      Em 30 dias: 
      <b>
        R$ 987,32
      </b>
    </p>
    <p
      class="valueDay"
    >
      Em 90 dias: 
      <b>
        R$ 0,10
      </b>
    </p>
  </aside>
</div>
`;
